{
	"$schema": "http://example.org/metadata-schemas/schemas/jhu/schema_to_dereference",
	"$id": "http://example.org/metadata-schemas/schemas/jhu/deref",
	"copySchemaName": "http://example.org/metadata-schemas/schemas/jhu/schema_to_dereference",
	"schema1_title": "X",
	"schema2_x": {
		"title": "x",
		"description": "an awesome letter",
		"$comment": "displays nicely",
		"type": "letter"
	},
	"schema3_array": ["c", "d", "e"],
	"schema4_complexarray": ["e", "f", {"g": "h"}],
	"schema4_hk": ["l", "m", "m'"]
}